xrun(64): 23.09-s003: (c) Copyright 1995-2023 Cadence Design Systems, Inc.
TOOL:	xrun(64)	23.09-s003: Started on Aug 14, 2026 at 14:59:28 -03
xrun
	-sv
	-64
	-access +rwc
	-timescale 1ns/1ns
	-f only_srams/rtl.lst
		aux_rtl/booth_radix4.sv
		aux_rtl/mem_controller.sv
		aux_rtl/mem_model.sv
		aux_rtl/requant_unit.sv
		only_srams/only_srams.sv
		only_srams/tb_only_srams.sv
		only_srams/tb_only_gpt.sv
	-top tb_only_gpt
	-gui
	-s
xmsim: *W,NOMTDGUI: Multi-Threaded Dumping is disabled for interactive debug mode.
SVSEED default: 1
xcelium> 
xcelium> source /Tools/cadence/XCELIUM2309/tools/xcelium/files/xmsimrc
xcelium> 
-------------------------------------
Relinquished control to SimVision...
# Restoring simulation environment...
xcelium> input -quiet .reinvoke.sim
xcelium> file delete .reinvoke.sim
xcelium> run

=================================
 Activations (12,1)
=================================

 -12 (f4)    63 (3f)    37 (25)     4 (04)    64 (40)    14 (0e)   122 (7a)  -111 (91)    51 (33)    50 (32)    17 (11)   -94 (a2)  


=================================
 Weights (12,12)
=================================

  64 (40)    56 (38)    63 (3f)   -18 (ee)   101 (65)   107 (6b)   -70 (ba)    32 (20)     6 (06)    15 (0f)   -60 (c4)   115 (73)  
 118 (76)     2 (02)   -19 (ed)    69 (45)    31 (1f)    33 (21)    23 (17)  -126 (82)  -112 (90)   -78 (b2)  -115 (8d)  -118 (8a)  
  78 (4e)    50 (32)   111 (6f)   -67 (bd)  -111 (91)   -93 (a3)    51 (33)   -18 (ee)    -6 (fa)   125 (7d)    54 (36)   119 (77)  
 -62 (c2)    38 (26)    74 (4a)   100 (64)   -66 (be)  -109 (93)    34 (22)   103 (67)    57 (39)  -120 (88)   -84 (ac)   -88 (a8)  
  -8 (f8)   -50 (ce)   -37 (db)  -125 (83)  -111 (91)  -107 (95)    23 (17)   -17 (ef)    36 (24)    37 (25)  -124 (84)   -49 (cf)  
  71 (47)   -80 (b0)    11 (0b)   -20 (ec)   -24 (e8)   -43 (d5)    -5 (fb)   -19 (ed)    13 (0d)   -97 (9f)    63 (3f)   -58 (c6)  
  60 (3c)   -83 (ad)   126 (7e)  -100 (9c)    71 (47)    52 (34)    19 (13)    37 (25)    45 (2d)    71 (47)   -46 (d2)   117 (75)  
  41 (29)    82 (52)    70 (46)   -38 (da)    -6 (fa)  -117 (8b)  -120 (88)    33 (21)    68 (44)    46 (2e)   -98 (9e)    57 (39)  
  18 (12)   -66 (be)   -38 (da)    62 (3e)    26 (1a)   -28 (e4)  -111 (91)   -46 (d2)   121 (79)   -18 (ee)    78 (4e)    75 (4b)  
  94 (5e)    -6 (fa)    -2 (fe)  -122 (86)    30 (1e)   -88 (a8)   -29 (e3)   -13 (f3)  -110 (92)  -110 (92)   104 (68)   -54 (ca)  
  47 (2f)   -59 (c5)     9 (09)    38 (26)   -74 (b6)    24 (18)  -105 (97)   -59 (c5)  -108 (94)   103 (67)    30 (1e)   -31 (e1)  
-103 (99)    76 (4c)    95 (5f)    34 (22)   -64 (c0)    45 (2d)    46 (2e)  -100 (9c)   -20 (ec)   -57 (c7)    12 (0c)   -44 (d4)  

Arquivo gerado: data/x.hex
Arquivo gerado: data/w.hex


[590ns] DUT: Y[0] = -9885
[950ns] DUT: Y[1] = 17046
[1310ns] DUT: Y[2] = 1543
[1670ns] DUT: Y[3] = -3008
[2030ns] DUT: Y[4] = -2648
[2390ns] DUT: Y[5] = -3868
[2750ns] DUT: Y[6] = -4139
[3110ns] DUT: Y[7] = -14469
[3470ns] DUT: Y[8] = -13149
[3830ns] DUT: Y[9] = -7741
[4190ns] DUT: Y[10] = -11391
[4550ns] DUT: Y[11] = 23391

==========================================================
                        COMPARACAO                        
==========================================================

----------------------------------------------------
 STATUS |   Y index    |     DUT     |     REF     |
----------------------------------------------------
 PASS   |           0  |       -9885 |       -9885 |
 PASS   |           1  |       17046 |       17046 |
 PASS   |           2  |        1543 |        1543 |
 PASS   |           3  |       -3008 |       -3008 |
 PASS   |           4  |       -2648 |       -2648 |
 PASS   |           5  |       -3868 |       -3868 |
 PASS   |           6  |       -4139 |       -4139 |
 PASS   |           7  |      -14469 |      -14469 |
 PASS   |           8  |      -13149 |      -13149 |
 PASS   |           9  |       -7741 |       -7741 |
 PASS   |          10  |      -11391 |      -11391 |
 PASS   |          11  |       23391 |       23391 |
----------------------------------------------------


*************************************
         ___  ___   ________         
        / _ \/ _ | / __/ __/        
       / ___/ __ |_\ \_\ \       
      /_/  /_/ |_/___/___/           
                                     
*************************************

./only_srams/tb_only_gpt.sv:328         $finish(0);
xcelium> ^C
xcelium> exit
...Regained control from SimVision
-------------------------------------
TOOL:	xrun(64)	23.09-s003: Exiting on Aug 14, 2026 at 15:00:36 -03  (total: 00:01:08)
