============================================================
  Generated by:           Genus(TM) Synthesis Solution 22.14-s059_1
  Generated on:           Aug 31 2026  02:38:28 pm
  Module:                 only_srams
  Operating conditions:   PVT_1P1V_0C 
  Interconnect mode:      global
  Area mode:              physical library
============================================================

Timing
--------

Clock  Period 
--------------
clk   10000.0 


  Cost    Critical         Violating 
 Group   Path Slack  TNS     Paths   
-------------------------------------
clk          7853.0   0.0          0 
default    No paths   0.0            
-------------------------------------
Total                 0.0          0 

Instance Count
--------------
Leaf Instance Count             170 
Physical Instance count           0 
Sequential Instance Count        45 
Combinational Instance Count    125 
Hierarchical Instance Count       3 

Area
----
Cell Area                          529.758
Physical Cell Area                 0.000
Total Cell Area (Cell+Physical)    529.758
Net Area                           220.354
Total Area (Cell+Physical+Net)     750.112

Max Fanout                         88 (mult_o[15])
Min Fanout                         0 (word_X[0])
Average Fanout                     2.2
Terms to net ratio                 2.7302
Terms to instance ratio            4.0471
Runtime                            26.188456 seconds
Elapsed Runtime                    48 seconds
Genus peak memory usage            1842.71 
Innovus peak memory usage          no_value 
Hostname                           galileu.dee.ufcg.edu.br
