============================================================
  Generated by:           Genus(TM) Synthesis Solution 22.14-s059_1
  Generated on:           Aug 31 2026  02:33:30 pm
  Module:                 sram_dclb
  Operating conditions:   PVT_1P1V_0C 
  Interconnect mode:      global
  Area mode:              physical library
============================================================


Path 1: MET (7853 ps) Setup Check with Pin weight_mem/latency_counter_reg[31]/CK->D
          Group: clk
     Startpoint: (R) weight_mem/latency_counter_reg[0]/CK
          Clock: (R) clk
       Endpoint: (R) weight_mem/latency_counter_reg[31]/D
          Clock: (R) clk

                     Capture       Launch     
        Clock Edge:+   10000            0     
       Src Latency:+       0            0     
       Net Latency:+       0 (I)        0 (I) 
           Arrival:=   10000            0     
                                              
             Setup:-      26                  
     Required Time:=    9974                  
      Launch Clock:-       0                  
         Data Path:-    2120                  
             Slack:=    7853                  

#-------------------------------------------------------------------------------------------------------------
#            Timing Point              Flags   Arc   Edge   Cell     Fanout Load Trans Delay Arrival Instance 
#                                                                           (fF)  (ps)  (ps)   (ps)  Location 
#-------------------------------------------------------------------------------------------------------------
  weight_mem/latency_counter_reg[0]/CK -       -     R     (arrival)     51    -     0     0       0    (-,-) 
  weight_mem/latency_counter_reg[0]/Q  -       CK->Q F     SDFFRHQX1      4 11.1    75    89      89    (-,-) 
  weight_mem/sub_54_52_g739__1617/Y    -       A->Y  F     OR2X1          3  8.5    60    69     158    (-,-) 
  weight_mem/sub_54_52_g737__6783/Y    -       B->Y  F     OR2X1          3  8.5    60    64     222    (-,-) 
  weight_mem/sub_54_52_g735__8428/Y    -       B->Y  F     OR2X1          3  8.5    60    64     287    (-,-) 
  weight_mem/sub_54_52_g733__6260/Y    -       B->Y  F     OR2X1          3  8.5    60    64     351    (-,-) 
  weight_mem/sub_54_52_g731__2398/Y    -       B->Y  F     OR2X1          3  8.5    60    64     416    (-,-) 
  weight_mem/sub_54_52_g729__6417/Y    -       B->Y  F     OR2X1          3  8.5    60    64     480    (-,-) 
  weight_mem/sub_54_52_g727__1666/Y    -       B->Y  F     OR2X1          3  8.5    60    64     544    (-,-) 
  weight_mem/sub_54_52_g725__2883/Y    -       B->Y  F     OR2X1          3  8.5    60    64     609    (-,-) 
  weight_mem/sub_54_52_g723__9315/Y    -       B->Y  F     OR2X1          3  8.5    60    64     673    (-,-) 
  weight_mem/sub_54_52_g721__4733/Y    -       B->Y  F     OR2X1          3  8.5    60    64     738    (-,-) 
  weight_mem/sub_54_52_g719__5115/Y    -       B->Y  F     OR2X1          3  8.5    60    64     802    (-,-) 
  weight_mem/sub_54_52_g717__6131/Y    -       B->Y  F     OR2X1          3  8.5    60    64     866    (-,-) 
  weight_mem/sub_54_52_g715__8246/Y    -       B->Y  F     OR2X1          3  8.5    60    64     931    (-,-) 
  weight_mem/sub_54_52_g713__1705/Y    -       B->Y  F     OR2X1          3  8.5    60    64     995    (-,-) 
  weight_mem/sub_54_52_g711__1617/Y    -       B->Y  F     OR2X1          3  8.5    60    64    1060    (-,-) 
  weight_mem/sub_54_52_g709__6783/Y    -       B->Y  F     OR2X1          3  8.5    60    64    1124    (-,-) 
  weight_mem/sub_54_52_g707__8428/Y    -       B->Y  F     OR2X1          3  8.5    60    64    1188    (-,-) 
  weight_mem/sub_54_52_g705__6260/Y    -       B->Y  F     OR2X1          3  8.5    60    64    1253    (-,-) 
  weight_mem/sub_54_52_g703__2398/Y    -       B->Y  F     OR2X1          3  8.5    60    64    1317    (-,-) 
  weight_mem/sub_54_52_g701__6417/Y    -       B->Y  F     OR2X1          3  8.5    60    64    1382    (-,-) 
  weight_mem/sub_54_52_g699__1666/Y    -       B->Y  F     OR2X1          3  8.5    60    64    1446    (-,-) 
  weight_mem/sub_54_52_g697__2883/Y    -       B->Y  F     OR2X1          3  8.5    60    64    1510    (-,-) 
  weight_mem/sub_54_52_g695__9315/Y    -       B->Y  F     OR2X1          3  8.5    60    64    1575    (-,-) 
  weight_mem/sub_54_52_g693__4733/Y    -       B->Y  F     OR2X1          3  8.5    60    64    1639    (-,-) 
  weight_mem/sub_54_52_g691__5115/Y    -       B->Y  F     OR2X1          3  8.5    60    64    1704    (-,-) 
  weight_mem/sub_54_52_g689__6131/Y    -       B->Y  F     OR2X1          3  8.5    60    64    1768    (-,-) 
  weight_mem/sub_54_52_g687__8246/Y    -       B->Y  F     OR2X1          3  8.5    60    64    1832    (-,-) 
  weight_mem/sub_54_52_g685__1705/Y    -       B->Y  F     OR2X1          3  8.5    60    64    1897    (-,-) 
  weight_mem/sub_54_52_g683__1617/Y    -       B->Y  F     OR2X1          3  8.5    60    64    1961    (-,-) 
  weight_mem/sub_54_52_g681__6783/Y    -       B->Y  F     OR2X1          2  6.6    47    58    2019    (-,-) 
  weight_mem/sub_54_52_g679__8428/Y    -       B->Y  R     XNOR2X1        1  4.2    32    53    2072    (-,-) 
  weight_mem/g11970__7410/Y            -       B1->Y R     AO22X1         1  4.3    35    49    2120    (-,-) 
  weight_mem/latency_counter_reg[31]/D -       -     R     DFFRHQX1       1    -     -     0    2120    (-,-) 
#-------------------------------------------------------------------------------------------------------------



Path 2: MET (7868 ps) Setup Check with Pin weight_mem/latency_counter_reg[30]/CK->D
          Group: clk
     Startpoint: (R) weight_mem/latency_counter_reg[0]/CK
          Clock: (R) clk
       Endpoint: (R) weight_mem/latency_counter_reg[30]/D
          Clock: (R) clk

                     Capture       Launch     
        Clock Edge:+   10000            0     
       Src Latency:+       0            0     
       Net Latency:+       0 (I)        0 (I) 
           Arrival:=   10000            0     
                                              
             Setup:-      26                  
     Required Time:=    9974                  
      Launch Clock:-       0                  
         Data Path:-    2105                  
             Slack:=    7868                  

#-------------------------------------------------------------------------------------------------------------
#            Timing Point              Flags   Arc   Edge   Cell     Fanout Load Trans Delay Arrival Instance 
#                                                                           (fF)  (ps)  (ps)   (ps)  Location 
#-------------------------------------------------------------------------------------------------------------
  weight_mem/latency_counter_reg[0]/CK -       -     R     (arrival)     51    -     0     0       0    (-,-) 
  weight_mem/latency_counter_reg[0]/Q  -       CK->Q F     SDFFRHQX1      4 11.1    75    89      89    (-,-) 
  weight_mem/sub_54_52_g739__1617/Y    -       A->Y  F     OR2X1          3  8.5    60    69     158    (-,-) 
  weight_mem/sub_54_52_g737__6783/Y    -       B->Y  F     OR2X1          3  8.5    60    64     222    (-,-) 
  weight_mem/sub_54_52_g735__8428/Y    -       B->Y  F     OR2X1          3  8.5    60    64     287    (-,-) 
  weight_mem/sub_54_52_g733__6260/Y    -       B->Y  F     OR2X1          3  8.5    60    64     351    (-,-) 
  weight_mem/sub_54_52_g731__2398/Y    -       B->Y  F     OR2X1          3  8.5    60    64     416    (-,-) 
  weight_mem/sub_54_52_g729__6417/Y    -       B->Y  F     OR2X1          3  8.5    60    64     480    (-,-) 
  weight_mem/sub_54_52_g727__1666/Y    -       B->Y  F     OR2X1          3  8.5    60    64     544    (-,-) 
  weight_mem/sub_54_52_g725__2883/Y    -       B->Y  F     OR2X1          3  8.5    60    64     609    (-,-) 
  weight_mem/sub_54_52_g723__9315/Y    -       B->Y  F     OR2X1          3  8.5    60    64     673    (-,-) 
  weight_mem/sub_54_52_g721__4733/Y    -       B->Y  F     OR2X1          3  8.5    60    64     738    (-,-) 
  weight_mem/sub_54_52_g719__5115/Y    -       B->Y  F     OR2X1          3  8.5    60    64     802    (-,-) 
  weight_mem/sub_54_52_g717__6131/Y    -       B->Y  F     OR2X1          3  8.5    60    64     866    (-,-) 
  weight_mem/sub_54_52_g715__8246/Y    -       B->Y  F     OR2X1          3  8.5    60    64     931    (-,-) 
  weight_mem/sub_54_52_g713__1705/Y    -       B->Y  F     OR2X1          3  8.5    60    64     995    (-,-) 
  weight_mem/sub_54_52_g711__1617/Y    -       B->Y  F     OR2X1          3  8.5    60    64    1060    (-,-) 
  weight_mem/sub_54_52_g709__6783/Y    -       B->Y  F     OR2X1          3  8.5    60    64    1124    (-,-) 
  weight_mem/sub_54_52_g707__8428/Y    -       B->Y  F     OR2X1          3  8.5    60    64    1188    (-,-) 
  weight_mem/sub_54_52_g705__6260/Y    -       B->Y  F     OR2X1          3  8.5    60    64    1253    (-,-) 
  weight_mem/sub_54_52_g703__2398/Y    -       B->Y  F     OR2X1          3  8.5    60    64    1317    (-,-) 
  weight_mem/sub_54_52_g701__6417/Y    -       B->Y  F     OR2X1          3  8.5    60    64    1382    (-,-) 
  weight_mem/sub_54_52_g699__1666/Y    -       B->Y  F     OR2X1          3  8.5    60    64    1446    (-,-) 
  weight_mem/sub_54_52_g697__2883/Y    -       B->Y  F     OR2X1          3  8.5    60    64    1510    (-,-) 
  weight_mem/sub_54_52_g695__9315/Y    -       B->Y  F     OR2X1          3  8.5    60    64    1575    (-,-) 
  weight_mem/sub_54_52_g693__4733/Y    -       B->Y  F     OR2X1          3  8.5    60    64    1639    (-,-) 
  weight_mem/sub_54_52_g691__5115/Y    -       B->Y  F     OR2X1          3  8.5    60    64    1704    (-,-) 
  weight_mem/sub_54_52_g689__6131/Y    -       B->Y  F     OR2X1          3  8.5    60    64    1768    (-,-) 
  weight_mem/sub_54_52_g687__8246/Y    -       B->Y  F     OR2X1          3  8.5    60    64    1832    (-,-) 
  weight_mem/sub_54_52_g685__1705/Y    -       B->Y  F     OR2X1          3  8.5    60    64    1897    (-,-) 
  weight_mem/sub_54_52_g683__1617/Y    -       B->Y  F     OR2X1          3  8.5    60    64    1961    (-,-) 
  weight_mem/sub_54_52_g681__6783/Y    -       B->Y  F     OR2X1          2  6.6    47    58    2019    (-,-) 
  weight_mem/sub_54_52_g680__5526/Y    -       B0->Y R     OAI2BB1X1      1  4.2    40    36    2054    (-,-) 
  weight_mem/g11969__1666/Y            -       B1->Y R     AO22X1         1  4.3    35    51    2105    (-,-) 
  weight_mem/latency_counter_reg[30]/D -       -     R     DFFRHQX1       1    -     -     0    2105    (-,-) 
#-------------------------------------------------------------------------------------------------------------



Path 3: MET (7922 ps) Setup Check with Pin weight_mem/latency_counter_reg[29]/CK->D
          Group: clk
     Startpoint: (R) weight_mem/latency_counter_reg[0]/CK
          Clock: (R) clk
       Endpoint: (R) weight_mem/latency_counter_reg[29]/D
          Clock: (R) clk

                     Capture       Launch     
        Clock Edge:+   10000            0     
       Src Latency:+       0            0     
       Net Latency:+       0 (I)        0 (I) 
           Arrival:=   10000            0     
                                              
             Setup:-      26                  
     Required Time:=    9974                  
      Launch Clock:-       0                  
         Data Path:-    2052                  
             Slack:=    7922                  

#-------------------------------------------------------------------------------------------------------------
#            Timing Point              Flags   Arc   Edge   Cell     Fanout Load Trans Delay Arrival Instance 
#                                                                           (fF)  (ps)  (ps)   (ps)  Location 
#-------------------------------------------------------------------------------------------------------------
  weight_mem/latency_counter_reg[0]/CK -       -     R     (arrival)     51    -     0     0       0    (-,-) 
  weight_mem/latency_counter_reg[0]/Q  -       CK->Q F     SDFFRHQX1      4 11.1    75    89      89    (-,-) 
  weight_mem/sub_54_52_g739__1617/Y    -       A->Y  F     OR2X1          3  8.5    60    69     158    (-,-) 
  weight_mem/sub_54_52_g737__6783/Y    -       B->Y  F     OR2X1          3  8.5    60    64     222    (-,-) 
  weight_mem/sub_54_52_g735__8428/Y    -       B->Y  F     OR2X1          3  8.5    60    64     287    (-,-) 
  weight_mem/sub_54_52_g733__6260/Y    -       B->Y  F     OR2X1          3  8.5    60    64     351    (-,-) 
  weight_mem/sub_54_52_g731__2398/Y    -       B->Y  F     OR2X1          3  8.5    60    64     416    (-,-) 
  weight_mem/sub_54_52_g729__6417/Y    -       B->Y  F     OR2X1          3  8.5    60    64     480    (-,-) 
  weight_mem/sub_54_52_g727__1666/Y    -       B->Y  F     OR2X1          3  8.5    60    64     544    (-,-) 
  weight_mem/sub_54_52_g725__2883/Y    -       B->Y  F     OR2X1          3  8.5    60    64     609    (-,-) 
  weight_mem/sub_54_52_g723__9315/Y    -       B->Y  F     OR2X1          3  8.5    60    64     673    (-,-) 
  weight_mem/sub_54_52_g721__4733/Y    -       B->Y  F     OR2X1          3  8.5    60    64     738    (-,-) 
  weight_mem/sub_54_52_g719__5115/Y    -       B->Y  F     OR2X1          3  8.5    60    64     802    (-,-) 
  weight_mem/sub_54_52_g717__6131/Y    -       B->Y  F     OR2X1          3  8.5    60    64     866    (-,-) 
  weight_mem/sub_54_52_g715__8246/Y    -       B->Y  F     OR2X1          3  8.5    60    64     931    (-,-) 
  weight_mem/sub_54_52_g713__1705/Y    -       B->Y  F     OR2X1          3  8.5    60    64     995    (-,-) 
  weight_mem/sub_54_52_g711__1617/Y    -       B->Y  F     OR2X1          3  8.5    60    64    1060    (-,-) 
  weight_mem/sub_54_52_g709__6783/Y    -       B->Y  F     OR2X1          3  8.5    60    64    1124    (-,-) 
  weight_mem/sub_54_52_g707__8428/Y    -       B->Y  F     OR2X1          3  8.5    60    64    1188    (-,-) 
  weight_mem/sub_54_52_g705__6260/Y    -       B->Y  F     OR2X1          3  8.5    60    64    1253    (-,-) 
  weight_mem/sub_54_52_g703__2398/Y    -       B->Y  F     OR2X1          3  8.5    60    64    1317    (-,-) 
  weight_mem/sub_54_52_g701__6417/Y    -       B->Y  F     OR2X1          3  8.5    60    64    1382    (-,-) 
  weight_mem/sub_54_52_g699__1666/Y    -       B->Y  F     OR2X1          3  8.5    60    64    1446    (-,-) 
  weight_mem/sub_54_52_g697__2883/Y    -       B->Y  F     OR2X1          3  8.5    60    64    1510    (-,-) 
  weight_mem/sub_54_52_g695__9315/Y    -       B->Y  F     OR2X1          3  8.5    60    64    1575    (-,-) 
  weight_mem/sub_54_52_g693__4733/Y    -       B->Y  F     OR2X1          3  8.5    60    64    1639    (-,-) 
  weight_mem/sub_54_52_g691__5115/Y    -       B->Y  F     OR2X1          3  8.5    60    64    1704    (-,-) 
  weight_mem/sub_54_52_g689__6131/Y    -       B->Y  F     OR2X1          3  8.5    60    64    1768    (-,-) 
  weight_mem/sub_54_52_g687__8246/Y    -       B->Y  F     OR2X1          3  8.5    60    64    1832    (-,-) 
  weight_mem/sub_54_52_g685__1705/Y    -       B->Y  F     OR2X1          3  8.5    60    64    1897    (-,-) 
  weight_mem/sub_54_52_g683__1617/Y    -       B->Y  F     OR2X1          3  8.5    60    64    1961    (-,-) 
  weight_mem/sub_54_52_g682__3680/Y    -       B0->Y R     OAI2BB1X1      1  4.2    43    40    2001    (-,-) 
  weight_mem/g11968__2346/Y            -       B1->Y R     AO22X1         1  4.3    35    51    2052    (-,-) 
  weight_mem/latency_counter_reg[29]/D -       -     R     DFFRHQX1       1    -     -     0    2052    (-,-) 
#-------------------------------------------------------------------------------------------------------------



Path 4: MET (7986 ps) Setup Check with Pin weight_mem/latency_counter_reg[28]/CK->D
          Group: clk
     Startpoint: (R) weight_mem/latency_counter_reg[0]/CK
          Clock: (R) clk
       Endpoint: (R) weight_mem/latency_counter_reg[28]/D
          Clock: (R) clk

                     Capture       Launch     
        Clock Edge:+   10000            0     
       Src Latency:+       0            0     
       Net Latency:+       0 (I)        0 (I) 
           Arrival:=   10000            0     
                                              
             Setup:-      26                  
     Required Time:=    9974                  
      Launch Clock:-       0                  
         Data Path:-    1987                  
             Slack:=    7986                  

#-------------------------------------------------------------------------------------------------------------
#            Timing Point              Flags   Arc   Edge   Cell     Fanout Load Trans Delay Arrival Instance 
#                                                                           (fF)  (ps)  (ps)   (ps)  Location 
#-------------------------------------------------------------------------------------------------------------
  weight_mem/latency_counter_reg[0]/CK -       -     R     (arrival)     51    -     0     0       0    (-,-) 
  weight_mem/latency_counter_reg[0]/Q  -       CK->Q F     SDFFRHQX1      4 11.1    75    89      89    (-,-) 
  weight_mem/sub_54_52_g739__1617/Y    -       A->Y  F     OR2X1          3  8.5    60    69     158    (-,-) 
  weight_mem/sub_54_52_g737__6783/Y    -       B->Y  F     OR2X1          3  8.5    60    64     222    (-,-) 
  weight_mem/sub_54_52_g735__8428/Y    -       B->Y  F     OR2X1          3  8.5    60    64     287    (-,-) 
  weight_mem/sub_54_52_g733__6260/Y    -       B->Y  F     OR2X1          3  8.5    60    64     351    (-,-) 
  weight_mem/sub_54_52_g731__2398/Y    -       B->Y  F     OR2X1          3  8.5    60    64     416    (-,-) 
  weight_mem/sub_54_52_g729__6417/Y    -       B->Y  F     OR2X1          3  8.5    60    64     480    (-,-) 
  weight_mem/sub_54_52_g727__1666/Y    -       B->Y  F     OR2X1          3  8.5    60    64     544    (-,-) 
  weight_mem/sub_54_52_g725__2883/Y    -       B->Y  F     OR2X1          3  8.5    60    64     609    (-,-) 
  weight_mem/sub_54_52_g723__9315/Y    -       B->Y  F     OR2X1          3  8.5    60    64     673    (-,-) 
  weight_mem/sub_54_52_g721__4733/Y    -       B->Y  F     OR2X1          3  8.5    60    64     738    (-,-) 
  weight_mem/sub_54_52_g719__5115/Y    -       B->Y  F     OR2X1          3  8.5    60    64     802    (-,-) 
  weight_mem/sub_54_52_g717__6131/Y    -       B->Y  F     OR2X1          3  8.5    60    64     866    (-,-) 
  weight_mem/sub_54_52_g715__8246/Y    -       B->Y  F     OR2X1          3  8.5    60    64     931    (-,-) 
  weight_mem/sub_54_52_g713__1705/Y    -       B->Y  F     OR2X1          3  8.5    60    64     995    (-,-) 
  weight_mem/sub_54_52_g711__1617/Y    -       B->Y  F     OR2X1          3  8.5    60    64    1060    (-,-) 
  weight_mem/sub_54_52_g709__6783/Y    -       B->Y  F     OR2X1          3  8.5    60    64    1124    (-,-) 
  weight_mem/sub_54_52_g707__8428/Y    -       B->Y  F     OR2X1          3  8.5    60    64    1188    (-,-) 
  weight_mem/sub_54_52_g705__6260/Y    -       B->Y  F     OR2X1          3  8.5    60    64    1253    (-,-) 
  weight_mem/sub_54_52_g703__2398/Y    -       B->Y  F     OR2X1          3  8.5    60    64    1317    (-,-) 
  weight_mem/sub_54_52_g701__6417/Y    -       B->Y  F     OR2X1          3  8.5    60    64    1382    (-,-) 
  weight_mem/sub_54_52_g699__1666/Y    -       B->Y  F     OR2X1          3  8.5    60    64    1446    (-,-) 
  weight_mem/sub_54_52_g697__2883/Y    -       B->Y  F     OR2X1          3  8.5    60    64    1510    (-,-) 
  weight_mem/sub_54_52_g695__9315/Y    -       B->Y  F     OR2X1          3  8.5    60    64    1575    (-,-) 
  weight_mem/sub_54_52_g693__4733/Y    -       B->Y  F     OR2X1          3  8.5    60    64    1639    (-,-) 
  weight_mem/sub_54_52_g691__5115/Y    -       B->Y  F     OR2X1          3  8.5    60    64    1704    (-,-) 
  weight_mem/sub_54_52_g689__6131/Y    -       B->Y  F     OR2X1          3  8.5    60    64    1768    (-,-) 
  weight_mem/sub_54_52_g687__8246/Y    -       B->Y  F     OR2X1          3  8.5    60    64    1832    (-,-) 
  weight_mem/sub_54_52_g685__1705/Y    -       B->Y  F     OR2X1          3  8.5    60    64    1897    (-,-) 
  weight_mem/sub_54_52_g684__2802/Y    -       B0->Y R     OAI2BB1X1      1  4.2    43    40    1936    (-,-) 
  weight_mem/g11967__2883/Y            -       B1->Y R     AO22X1         1  4.3    35    51    1987    (-,-) 
  weight_mem/latency_counter_reg[28]/D -       -     R     DFFRHQX1       1    -     -     0    1987    (-,-) 
#-------------------------------------------------------------------------------------------------------------



Path 5: MET (8051 ps) Setup Check with Pin weight_mem/latency_counter_reg[27]/CK->D
          Group: clk
     Startpoint: (R) weight_mem/latency_counter_reg[0]/CK
          Clock: (R) clk
       Endpoint: (R) weight_mem/latency_counter_reg[27]/D
          Clock: (R) clk

                     Capture       Launch     
        Clock Edge:+   10000            0     
       Src Latency:+       0            0     
       Net Latency:+       0 (I)        0 (I) 
           Arrival:=   10000            0     
                                              
             Setup:-      26                  
     Required Time:=    9974                  
      Launch Clock:-       0                  
         Data Path:-    1923                  
             Slack:=    8051                  

#-------------------------------------------------------------------------------------------------------------
#            Timing Point              Flags   Arc   Edge   Cell     Fanout Load Trans Delay Arrival Instance 
#                                                                           (fF)  (ps)  (ps)   (ps)  Location 
#-------------------------------------------------------------------------------------------------------------
  weight_mem/latency_counter_reg[0]/CK -       -     R     (arrival)     51    -     0     0       0    (-,-) 
  weight_mem/latency_counter_reg[0]/Q  -       CK->Q F     SDFFRHQX1      4 11.1    75    89      89    (-,-) 
  weight_mem/sub_54_52_g739__1617/Y    -       A->Y  F     OR2X1          3  8.5    60    69     158    (-,-) 
  weight_mem/sub_54_52_g737__6783/Y    -       B->Y  F     OR2X1          3  8.5    60    64     222    (-,-) 
  weight_mem/sub_54_52_g735__8428/Y    -       B->Y  F     OR2X1          3  8.5    60    64     287    (-,-) 
  weight_mem/sub_54_52_g733__6260/Y    -       B->Y  F     OR2X1          3  8.5    60    64     351    (-,-) 
  weight_mem/sub_54_52_g731__2398/Y    -       B->Y  F     OR2X1          3  8.5    60    64     416    (-,-) 
  weight_mem/sub_54_52_g729__6417/Y    -       B->Y  F     OR2X1          3  8.5    60    64     480    (-,-) 
  weight_mem/sub_54_52_g727__1666/Y    -       B->Y  F     OR2X1          3  8.5    60    64     544    (-,-) 
  weight_mem/sub_54_52_g725__2883/Y    -       B->Y  F     OR2X1          3  8.5    60    64     609    (-,-) 
  weight_mem/sub_54_52_g723__9315/Y    -       B->Y  F     OR2X1          3  8.5    60    64     673    (-,-) 
  weight_mem/sub_54_52_g721__4733/Y    -       B->Y  F     OR2X1          3  8.5    60    64     738    (-,-) 
  weight_mem/sub_54_52_g719__5115/Y    -       B->Y  F     OR2X1          3  8.5    60    64     802    (-,-) 
  weight_mem/sub_54_52_g717__6131/Y    -       B->Y  F     OR2X1          3  8.5    60    64     866    (-,-) 
  weight_mem/sub_54_52_g715__8246/Y    -       B->Y  F     OR2X1          3  8.5    60    64     931    (-,-) 
  weight_mem/sub_54_52_g713__1705/Y    -       B->Y  F     OR2X1          3  8.5    60    64     995    (-,-) 
  weight_mem/sub_54_52_g711__1617/Y    -       B->Y  F     OR2X1          3  8.5    60    64    1060    (-,-) 
  weight_mem/sub_54_52_g709__6783/Y    -       B->Y  F     OR2X1          3  8.5    60    64    1124    (-,-) 
  weight_mem/sub_54_52_g707__8428/Y    -       B->Y  F     OR2X1          3  8.5    60    64    1188    (-,-) 
  weight_mem/sub_54_52_g705__6260/Y    -       B->Y  F     OR2X1          3  8.5    60    64    1253    (-,-) 
  weight_mem/sub_54_52_g703__2398/Y    -       B->Y  F     OR2X1          3  8.5    60    64    1317    (-,-) 
  weight_mem/sub_54_52_g701__6417/Y    -       B->Y  F     OR2X1          3  8.5    60    64    1382    (-,-) 
  weight_mem/sub_54_52_g699__1666/Y    -       B->Y  F     OR2X1          3  8.5    60    64    1446    (-,-) 
  weight_mem/sub_54_52_g697__2883/Y    -       B->Y  F     OR2X1          3  8.5    60    64    1510    (-,-) 
  weight_mem/sub_54_52_g695__9315/Y    -       B->Y  F     OR2X1          3  8.5    60    64    1575    (-,-) 
  weight_mem/sub_54_52_g693__4733/Y    -       B->Y  F     OR2X1          3  8.5    60    64    1639    (-,-) 
  weight_mem/sub_54_52_g691__5115/Y    -       B->Y  F     OR2X1          3  8.5    60    64    1704    (-,-) 
  weight_mem/sub_54_52_g689__6131/Y    -       B->Y  F     OR2X1          3  8.5    60    64    1768    (-,-) 
  weight_mem/sub_54_52_g687__8246/Y    -       B->Y  F     OR2X1          3  8.5    60    64    1832    (-,-) 
  weight_mem/sub_54_52_g686__5122/Y    -       B0->Y R     OAI2BB1X1      1  4.2    43    40    1872    (-,-) 
  weight_mem/g11966__9945/Y            -       B1->Y R     AO22X1         1  4.3    35    51    1923    (-,-) 
  weight_mem/latency_counter_reg[27]/D -       -     R     DFFRHQX1       1    -     -     0    1923    (-,-) 
#-------------------------------------------------------------------------------------------------------------



Path 6: MET (8115 ps) Setup Check with Pin weight_mem/latency_counter_reg[26]/CK->D
          Group: clk
     Startpoint: (R) weight_mem/latency_counter_reg[0]/CK
          Clock: (R) clk
       Endpoint: (R) weight_mem/latency_counter_reg[26]/D
          Clock: (R) clk

                     Capture       Launch     
        Clock Edge:+   10000            0     
       Src Latency:+       0            0     
       Net Latency:+       0 (I)        0 (I) 
           Arrival:=   10000            0     
                                              
             Setup:-      26                  
     Required Time:=    9974                  
      Launch Clock:-       0                  
         Data Path:-    1858                  
             Slack:=    8115                  

#-------------------------------------------------------------------------------------------------------------
#            Timing Point              Flags   Arc   Edge   Cell     Fanout Load Trans Delay Arrival Instance 
#                                                                           (fF)  (ps)  (ps)   (ps)  Location 
#-------------------------------------------------------------------------------------------------------------
  weight_mem/latency_counter_reg[0]/CK -       -     R     (arrival)     51    -     0     0       0    (-,-) 
  weight_mem/latency_counter_reg[0]/Q  -       CK->Q F     SDFFRHQX1      4 11.1    75    89      89    (-,-) 
  weight_mem/sub_54_52_g739__1617/Y    -       A->Y  F     OR2X1          3  8.5    60    69     158    (-,-) 
  weight_mem/sub_54_52_g737__6783/Y    -       B->Y  F     OR2X1          3  8.5    60    64     222    (-,-) 
  weight_mem/sub_54_52_g735__8428/Y    -       B->Y  F     OR2X1          3  8.5    60    64     287    (-,-) 
  weight_mem/sub_54_52_g733__6260/Y    -       B->Y  F     OR2X1          3  8.5    60    64     351    (-,-) 
  weight_mem/sub_54_52_g731__2398/Y    -       B->Y  F     OR2X1          3  8.5    60    64     416    (-,-) 
  weight_mem/sub_54_52_g729__6417/Y    -       B->Y  F     OR2X1          3  8.5    60    64     480    (-,-) 
  weight_mem/sub_54_52_g727__1666/Y    -       B->Y  F     OR2X1          3  8.5    60    64     544    (-,-) 
  weight_mem/sub_54_52_g725__2883/Y    -       B->Y  F     OR2X1          3  8.5    60    64     609    (-,-) 
  weight_mem/sub_54_52_g723__9315/Y    -       B->Y  F     OR2X1          3  8.5    60    64     673    (-,-) 
  weight_mem/sub_54_52_g721__4733/Y    -       B->Y  F     OR2X1          3  8.5    60    64     738    (-,-) 
  weight_mem/sub_54_52_g719__5115/Y    -       B->Y  F     OR2X1          3  8.5    60    64     802    (-,-) 
  weight_mem/sub_54_52_g717__6131/Y    -       B->Y  F     OR2X1          3  8.5    60    64     866    (-,-) 
  weight_mem/sub_54_52_g715__8246/Y    -       B->Y  F     OR2X1          3  8.5    60    64     931    (-,-) 
  weight_mem/sub_54_52_g713__1705/Y    -       B->Y  F     OR2X1          3  8.5    60    64     995    (-,-) 
  weight_mem/sub_54_52_g711__1617/Y    -       B->Y  F     OR2X1          3  8.5    60    64    1060    (-,-) 
  weight_mem/sub_54_52_g709__6783/Y    -       B->Y  F     OR2X1          3  8.5    60    64    1124    (-,-) 
  weight_mem/sub_54_52_g707__8428/Y    -       B->Y  F     OR2X1          3  8.5    60    64    1188    (-,-) 
  weight_mem/sub_54_52_g705__6260/Y    -       B->Y  F     OR2X1          3  8.5    60    64    1253    (-,-) 
  weight_mem/sub_54_52_g703__2398/Y    -       B->Y  F     OR2X1          3  8.5    60    64    1317    (-,-) 
  weight_mem/sub_54_52_g701__6417/Y    -       B->Y  F     OR2X1          3  8.5    60    64    1382    (-,-) 
  weight_mem/sub_54_52_g699__1666/Y    -       B->Y  F     OR2X1          3  8.5    60    64    1446    (-,-) 
  weight_mem/sub_54_52_g697__2883/Y    -       B->Y  F     OR2X1          3  8.5    60    64    1510    (-,-) 
  weight_mem/sub_54_52_g695__9315/Y    -       B->Y  F     OR2X1          3  8.5    60    64    1575    (-,-) 
  weight_mem/sub_54_52_g693__4733/Y    -       B->Y  F     OR2X1          3  8.5    60    64    1639    (-,-) 
  weight_mem/sub_54_52_g691__5115/Y    -       B->Y  F     OR2X1          3  8.5    60    64    1704    (-,-) 
  weight_mem/sub_54_52_g689__6131/Y    -       B->Y  F     OR2X1          3  8.5    60    64    1768    (-,-) 
  weight_mem/sub_54_52_g688__7098/Y    -       B0->Y R     OAI2BB1X1      1  4.2    43    40    1807    (-,-) 
  weight_mem/g11958__7098/Y            -       B1->Y R     AO22X1         1  4.3    35    51    1858    (-,-) 
  weight_mem/latency_counter_reg[26]/D -       -     R     DFFRHQX1       1    -     -     0    1858    (-,-) 
#-------------------------------------------------------------------------------------------------------------



Path 7: MET (8180 ps) Setup Check with Pin weight_mem/latency_counter_reg[25]/CK->D
          Group: clk
     Startpoint: (R) weight_mem/latency_counter_reg[0]/CK
          Clock: (R) clk
       Endpoint: (R) weight_mem/latency_counter_reg[25]/D
          Clock: (R) clk

                     Capture       Launch     
        Clock Edge:+   10000            0     
       Src Latency:+       0            0     
       Net Latency:+       0 (I)        0 (I) 
           Arrival:=   10000            0     
                                              
             Setup:-      26                  
     Required Time:=    9974                  
      Launch Clock:-       0                  
         Data Path:-    1794                  
             Slack:=    8180                  

#-------------------------------------------------------------------------------------------------------------
#            Timing Point              Flags   Arc   Edge   Cell     Fanout Load Trans Delay Arrival Instance 
#                                                                           (fF)  (ps)  (ps)   (ps)  Location 
#-------------------------------------------------------------------------------------------------------------
  weight_mem/latency_counter_reg[0]/CK -       -     R     (arrival)     51    -     0     0       0    (-,-) 
  weight_mem/latency_counter_reg[0]/Q  -       CK->Q F     SDFFRHQX1      4 11.1    75    89      89    (-,-) 
  weight_mem/sub_54_52_g739__1617/Y    -       A->Y  F     OR2X1          3  8.5    60    69     158    (-,-) 
  weight_mem/sub_54_52_g737__6783/Y    -       B->Y  F     OR2X1          3  8.5    60    64     222    (-,-) 
  weight_mem/sub_54_52_g735__8428/Y    -       B->Y  F     OR2X1          3  8.5    60    64     287    (-,-) 
  weight_mem/sub_54_52_g733__6260/Y    -       B->Y  F     OR2X1          3  8.5    60    64     351    (-,-) 
  weight_mem/sub_54_52_g731__2398/Y    -       B->Y  F     OR2X1          3  8.5    60    64     416    (-,-) 
  weight_mem/sub_54_52_g729__6417/Y    -       B->Y  F     OR2X1          3  8.5    60    64     480    (-,-) 
  weight_mem/sub_54_52_g727__1666/Y    -       B->Y  F     OR2X1          3  8.5    60    64     544    (-,-) 
  weight_mem/sub_54_52_g725__2883/Y    -       B->Y  F     OR2X1          3  8.5    60    64     609    (-,-) 
  weight_mem/sub_54_52_g723__9315/Y    -       B->Y  F     OR2X1          3  8.5    60    64     673    (-,-) 
  weight_mem/sub_54_52_g721__4733/Y    -       B->Y  F     OR2X1          3  8.5    60    64     738    (-,-) 
  weight_mem/sub_54_52_g719__5115/Y    -       B->Y  F     OR2X1          3  8.5    60    64     802    (-,-) 
  weight_mem/sub_54_52_g717__6131/Y    -       B->Y  F     OR2X1          3  8.5    60    64     866    (-,-) 
  weight_mem/sub_54_52_g715__8246/Y    -       B->Y  F     OR2X1          3  8.5    60    64     931    (-,-) 
  weight_mem/sub_54_52_g713__1705/Y    -       B->Y  F     OR2X1          3  8.5    60    64     995    (-,-) 
  weight_mem/sub_54_52_g711__1617/Y    -       B->Y  F     OR2X1          3  8.5    60    64    1060    (-,-) 
  weight_mem/sub_54_52_g709__6783/Y    -       B->Y  F     OR2X1          3  8.5    60    64    1124    (-,-) 
  weight_mem/sub_54_52_g707__8428/Y    -       B->Y  F     OR2X1          3  8.5    60    64    1188    (-,-) 
  weight_mem/sub_54_52_g705__6260/Y    -       B->Y  F     OR2X1          3  8.5    60    64    1253    (-,-) 
  weight_mem/sub_54_52_g703__2398/Y    -       B->Y  F     OR2X1          3  8.5    60    64    1317    (-,-) 
  weight_mem/sub_54_52_g701__6417/Y    -       B->Y  F     OR2X1          3  8.5    60    64    1382    (-,-) 
  weight_mem/sub_54_52_g699__1666/Y    -       B->Y  F     OR2X1          3  8.5    60    64    1446    (-,-) 
  weight_mem/sub_54_52_g697__2883/Y    -       B->Y  F     OR2X1          3  8.5    60    64    1510    (-,-) 
  weight_mem/sub_54_52_g695__9315/Y    -       B->Y  F     OR2X1          3  8.5    60    64    1575    (-,-) 
  weight_mem/sub_54_52_g693__4733/Y    -       B->Y  F     OR2X1          3  8.5    60    64    1639    (-,-) 
  weight_mem/sub_54_52_g691__5115/Y    -       B->Y  F     OR2X1          3  8.5    60    64    1704    (-,-) 
  weight_mem/sub_54_52_g690__1881/Y    -       B0->Y R     OAI2BB1X1      1  4.2    43    40    1743    (-,-) 
  weight_mem/g11964__6161/Y            -       B1->Y R     AO22X1         1  4.3    35    51    1794    (-,-) 
  weight_mem/latency_counter_reg[25]/D -       -     R     DFFRHQX1       1    -     -     0    1794    (-,-) 
#-------------------------------------------------------------------------------------------------------------



Path 8: MET (8244 ps) Setup Check with Pin weight_mem/latency_counter_reg[24]/CK->D
          Group: clk
     Startpoint: (R) weight_mem/latency_counter_reg[0]/CK
          Clock: (R) clk
       Endpoint: (R) weight_mem/latency_counter_reg[24]/D
          Clock: (R) clk

                     Capture       Launch     
        Clock Edge:+   10000            0     
       Src Latency:+       0            0     
       Net Latency:+       0 (I)        0 (I) 
           Arrival:=   10000            0     
                                              
             Setup:-      26                  
     Required Time:=    9974                  
      Launch Clock:-       0                  
         Data Path:-    1730                  
             Slack:=    8244                  

#-------------------------------------------------------------------------------------------------------------
#            Timing Point              Flags   Arc   Edge   Cell     Fanout Load Trans Delay Arrival Instance 
#                                                                           (fF)  (ps)  (ps)   (ps)  Location 
#-------------------------------------------------------------------------------------------------------------
  weight_mem/latency_counter_reg[0]/CK -       -     R     (arrival)     51    -     0     0       0    (-,-) 
  weight_mem/latency_counter_reg[0]/Q  -       CK->Q F     SDFFRHQX1      4 11.1    75    89      89    (-,-) 
  weight_mem/sub_54_52_g739__1617/Y    -       A->Y  F     OR2X1          3  8.5    60    69     158    (-,-) 
  weight_mem/sub_54_52_g737__6783/Y    -       B->Y  F     OR2X1          3  8.5    60    64     222    (-,-) 
  weight_mem/sub_54_52_g735__8428/Y    -       B->Y  F     OR2X1          3  8.5    60    64     287    (-,-) 
  weight_mem/sub_54_52_g733__6260/Y    -       B->Y  F     OR2X1          3  8.5    60    64     351    (-,-) 
  weight_mem/sub_54_52_g731__2398/Y    -       B->Y  F     OR2X1          3  8.5    60    64     416    (-,-) 
  weight_mem/sub_54_52_g729__6417/Y    -       B->Y  F     OR2X1          3  8.5    60    64     480    (-,-) 
  weight_mem/sub_54_52_g727__1666/Y    -       B->Y  F     OR2X1          3  8.5    60    64     544    (-,-) 
  weight_mem/sub_54_52_g725__2883/Y    -       B->Y  F     OR2X1          3  8.5    60    64     609    (-,-) 
  weight_mem/sub_54_52_g723__9315/Y    -       B->Y  F     OR2X1          3  8.5    60    64     673    (-,-) 
  weight_mem/sub_54_52_g721__4733/Y    -       B->Y  F     OR2X1          3  8.5    60    64     738    (-,-) 
  weight_mem/sub_54_52_g719__5115/Y    -       B->Y  F     OR2X1          3  8.5    60    64     802    (-,-) 
  weight_mem/sub_54_52_g717__6131/Y    -       B->Y  F     OR2X1          3  8.5    60    64     866    (-,-) 
  weight_mem/sub_54_52_g715__8246/Y    -       B->Y  F     OR2X1          3  8.5    60    64     931    (-,-) 
  weight_mem/sub_54_52_g713__1705/Y    -       B->Y  F     OR2X1          3  8.5    60    64     995    (-,-) 
  weight_mem/sub_54_52_g711__1617/Y    -       B->Y  F     OR2X1          3  8.5    60    64    1060    (-,-) 
  weight_mem/sub_54_52_g709__6783/Y    -       B->Y  F     OR2X1          3  8.5    60    64    1124    (-,-) 
  weight_mem/sub_54_52_g707__8428/Y    -       B->Y  F     OR2X1          3  8.5    60    64    1188    (-,-) 
  weight_mem/sub_54_52_g705__6260/Y    -       B->Y  F     OR2X1          3  8.5    60    64    1253    (-,-) 
  weight_mem/sub_54_52_g703__2398/Y    -       B->Y  F     OR2X1          3  8.5    60    64    1317    (-,-) 
  weight_mem/sub_54_52_g701__6417/Y    -       B->Y  F     OR2X1          3  8.5    60    64    1382    (-,-) 
  weight_mem/sub_54_52_g699__1666/Y    -       B->Y  F     OR2X1          3  8.5    60    64    1446    (-,-) 
  weight_mem/sub_54_52_g697__2883/Y    -       B->Y  F     OR2X1          3  8.5    60    64    1510    (-,-) 
  weight_mem/sub_54_52_g695__9315/Y    -       B->Y  F     OR2X1          3  8.5    60    64    1575    (-,-) 
  weight_mem/sub_54_52_g693__4733/Y    -       B->Y  F     OR2X1          3  8.5    60    64    1639    (-,-) 
  weight_mem/sub_54_52_g692__7482/Y    -       B0->Y R     OAI2BB1X1      1  4.2    43    40    1679    (-,-) 
  weight_mem/g11963__4733/Y            -       B1->Y R     AO22X1         1  4.3    35    51    1730    (-,-) 
  weight_mem/latency_counter_reg[24]/D -       -     R     DFFRHQX1       1    -     -     0    1730    (-,-) 
#-------------------------------------------------------------------------------------------------------------



Path 9: MET (8308 ps) Setup Check with Pin weight_mem/latency_counter_reg[23]/CK->D
          Group: clk
     Startpoint: (R) weight_mem/latency_counter_reg[0]/CK
          Clock: (R) clk
       Endpoint: (R) weight_mem/latency_counter_reg[23]/D
          Clock: (R) clk

                     Capture       Launch     
        Clock Edge:+   10000            0     
       Src Latency:+       0            0     
       Net Latency:+       0 (I)        0 (I) 
           Arrival:=   10000            0     
                                              
             Setup:-      26                  
     Required Time:=    9974                  
      Launch Clock:-       0                  
         Data Path:-    1665                  
             Slack:=    8308                  

#-------------------------------------------------------------------------------------------------------------
#            Timing Point              Flags   Arc   Edge   Cell     Fanout Load Trans Delay Arrival Instance 
#                                                                           (fF)  (ps)  (ps)   (ps)  Location 
#-------------------------------------------------------------------------------------------------------------
  weight_mem/latency_counter_reg[0]/CK -       -     R     (arrival)     51    -     0     0       0    (-,-) 
  weight_mem/latency_counter_reg[0]/Q  -       CK->Q F     SDFFRHQX1      4 11.1    75    89      89    (-,-) 
  weight_mem/sub_54_52_g739__1617/Y    -       A->Y  F     OR2X1          3  8.5    60    69     158    (-,-) 
  weight_mem/sub_54_52_g737__6783/Y    -       B->Y  F     OR2X1          3  8.5    60    64     222    (-,-) 
  weight_mem/sub_54_52_g735__8428/Y    -       B->Y  F     OR2X1          3  8.5    60    64     287    (-,-) 
  weight_mem/sub_54_52_g733__6260/Y    -       B->Y  F     OR2X1          3  8.5    60    64     351    (-,-) 
  weight_mem/sub_54_52_g731__2398/Y    -       B->Y  F     OR2X1          3  8.5    60    64     416    (-,-) 
  weight_mem/sub_54_52_g729__6417/Y    -       B->Y  F     OR2X1          3  8.5    60    64     480    (-,-) 
  weight_mem/sub_54_52_g727__1666/Y    -       B->Y  F     OR2X1          3  8.5    60    64     544    (-,-) 
  weight_mem/sub_54_52_g725__2883/Y    -       B->Y  F     OR2X1          3  8.5    60    64     609    (-,-) 
  weight_mem/sub_54_52_g723__9315/Y    -       B->Y  F     OR2X1          3  8.5    60    64     673    (-,-) 
  weight_mem/sub_54_52_g721__4733/Y    -       B->Y  F     OR2X1          3  8.5    60    64     738    (-,-) 
  weight_mem/sub_54_52_g719__5115/Y    -       B->Y  F     OR2X1          3  8.5    60    64     802    (-,-) 
  weight_mem/sub_54_52_g717__6131/Y    -       B->Y  F     OR2X1          3  8.5    60    64     866    (-,-) 
  weight_mem/sub_54_52_g715__8246/Y    -       B->Y  F     OR2X1          3  8.5    60    64     931    (-,-) 
  weight_mem/sub_54_52_g713__1705/Y    -       B->Y  F     OR2X1          3  8.5    60    64     995    (-,-) 
  weight_mem/sub_54_52_g711__1617/Y    -       B->Y  F     OR2X1          3  8.5    60    64    1060    (-,-) 
  weight_mem/sub_54_52_g709__6783/Y    -       B->Y  F     OR2X1          3  8.5    60    64    1124    (-,-) 
  weight_mem/sub_54_52_g707__8428/Y    -       B->Y  F     OR2X1          3  8.5    60    64    1188    (-,-) 
  weight_mem/sub_54_52_g705__6260/Y    -       B->Y  F     OR2X1          3  8.5    60    64    1253    (-,-) 
  weight_mem/sub_54_52_g703__2398/Y    -       B->Y  F     OR2X1          3  8.5    60    64    1317    (-,-) 
  weight_mem/sub_54_52_g701__6417/Y    -       B->Y  F     OR2X1          3  8.5    60    64    1382    (-,-) 
  weight_mem/sub_54_52_g699__1666/Y    -       B->Y  F     OR2X1          3  8.5    60    64    1446    (-,-) 
  weight_mem/sub_54_52_g697__2883/Y    -       B->Y  F     OR2X1          3  8.5    60    64    1510    (-,-) 
  weight_mem/sub_54_52_g695__9315/Y    -       B->Y  F     OR2X1          3  8.5    60    64    1575    (-,-) 
  weight_mem/sub_54_52_g694__6161/Y    -       B0->Y R     OAI2BB1X1      1  4.2    43    40    1614    (-,-) 
  weight_mem/g11962__7482/Y            -       B1->Y R     AO22X1         1  4.3    35    51    1665    (-,-) 
  weight_mem/latency_counter_reg[23]/D -       -     R     DFFRHQX1       1    -     -     0    1665    (-,-) 
#-------------------------------------------------------------------------------------------------------------



Path 10: MET (8373 ps) Setup Check with Pin weight_mem/latency_counter_reg[22]/CK->D
          Group: clk
     Startpoint: (R) weight_mem/latency_counter_reg[0]/CK
          Clock: (R) clk
       Endpoint: (R) weight_mem/latency_counter_reg[22]/D
          Clock: (R) clk

                     Capture       Launch     
        Clock Edge:+   10000            0     
       Src Latency:+       0            0     
       Net Latency:+       0 (I)        0 (I) 
           Arrival:=   10000            0     
                                              
             Setup:-      26                  
     Required Time:=    9974                  
      Launch Clock:-       0                  
         Data Path:-    1601                  
             Slack:=    8373                  

#-------------------------------------------------------------------------------------------------------------
#            Timing Point              Flags   Arc   Edge   Cell     Fanout Load Trans Delay Arrival Instance 
#                                                                           (fF)  (ps)  (ps)   (ps)  Location 
#-------------------------------------------------------------------------------------------------------------
  weight_mem/latency_counter_reg[0]/CK -       -     R     (arrival)     51    -     0     0       0    (-,-) 
  weight_mem/latency_counter_reg[0]/Q  -       CK->Q F     SDFFRHQX1      4 11.1    75    89      89    (-,-) 
  weight_mem/sub_54_52_g739__1617/Y    -       A->Y  F     OR2X1          3  8.5    60    69     158    (-,-) 
  weight_mem/sub_54_52_g737__6783/Y    -       B->Y  F     OR2X1          3  8.5    60    64     222    (-,-) 
  weight_mem/sub_54_52_g735__8428/Y    -       B->Y  F     OR2X1          3  8.5    60    64     287    (-,-) 
  weight_mem/sub_54_52_g733__6260/Y    -       B->Y  F     OR2X1          3  8.5    60    64     351    (-,-) 
  weight_mem/sub_54_52_g731__2398/Y    -       B->Y  F     OR2X1          3  8.5    60    64     416    (-,-) 
  weight_mem/sub_54_52_g729__6417/Y    -       B->Y  F     OR2X1          3  8.5    60    64     480    (-,-) 
  weight_mem/sub_54_52_g727__1666/Y    -       B->Y  F     OR2X1          3  8.5    60    64     544    (-,-) 
  weight_mem/sub_54_52_g725__2883/Y    -       B->Y  F     OR2X1          3  8.5    60    64     609    (-,-) 
  weight_mem/sub_54_52_g723__9315/Y    -       B->Y  F     OR2X1          3  8.5    60    64     673    (-,-) 
  weight_mem/sub_54_52_g721__4733/Y    -       B->Y  F     OR2X1          3  8.5    60    64     738    (-,-) 
  weight_mem/sub_54_52_g719__5115/Y    -       B->Y  F     OR2X1          3  8.5    60    64     802    (-,-) 
  weight_mem/sub_54_52_g717__6131/Y    -       B->Y  F     OR2X1          3  8.5    60    64     866    (-,-) 
  weight_mem/sub_54_52_g715__8246/Y    -       B->Y  F     OR2X1          3  8.5    60    64     931    (-,-) 
  weight_mem/sub_54_52_g713__1705/Y    -       B->Y  F     OR2X1          3  8.5    60    64     995    (-,-) 
  weight_mem/sub_54_52_g711__1617/Y    -       B->Y  F     OR2X1          3  8.5    60    64    1060    (-,-) 
  weight_mem/sub_54_52_g709__6783/Y    -       B->Y  F     OR2X1          3  8.5    60    64    1124    (-,-) 
  weight_mem/sub_54_52_g707__8428/Y    -       B->Y  F     OR2X1          3  8.5    60    64    1188    (-,-) 
  weight_mem/sub_54_52_g705__6260/Y    -       B->Y  F     OR2X1          3  8.5    60    64    1253    (-,-) 
  weight_mem/sub_54_52_g703__2398/Y    -       B->Y  F     OR2X1          3  8.5    60    64    1317    (-,-) 
  weight_mem/sub_54_52_g701__6417/Y    -       B->Y  F     OR2X1          3  8.5    60    64    1382    (-,-) 
  weight_mem/sub_54_52_g699__1666/Y    -       B->Y  F     OR2X1          3  8.5    60    64    1446    (-,-) 
  weight_mem/sub_54_52_g697__2883/Y    -       B->Y  F     OR2X1          3  8.5    60    64    1510    (-,-) 
  weight_mem/sub_54_52_g696__9945/Y    -       B0->Y R     OAI2BB1X1      1  4.2    43    40    1550    (-,-) 
  weight_mem/g11961__5115/Y            -       B1->Y R     AO22X1         1  4.3    35    51    1601    (-,-) 
  weight_mem/latency_counter_reg[22]/D -       -     R     DFFRHQX1       1    -     -     0    1601    (-,-) 
#-------------------------------------------------------------------------------------------------------------

