============================================================
  Generated by:           Genus(TM) Synthesis Solution 22.14-s059_1
  Generated on:           Aug 31 2026  02:33:30 pm
  Module:                 sram_dclb
  Operating conditions:   PVT_1P1V_0C 
  Interconnect mode:      global
  Area mode:              physical library
============================================================

Timing
--------

Clock  Period 
--------------
clk   10000.0 


  Cost    Critical         Violating 
 Group   Path Slack  TNS     Paths   
-------------------------------------
clk          7853.0   0.0          0 
default    No paths   0.0            
-------------------------------------
Total                 0.0          0 

Instance Count
--------------
Leaf Instance Count             185 
Physical Instance count           0 
Sequential Instance Count        51 
Combinational Instance Count    134 
Hierarchical Instance Count       3 

Area
----
Cell Area                          609.102
Physical Cell Area                 0.000
Total Cell Area (Cell+Physical)    609.102
Net Area                           243.142
Total Area (Cell+Physical+Net)     852.244

Max Fanout                         88 (mult_o[15])
Min Fanout                         0 (addr_W[0])
Average Fanout                     2.0
Terms to net ratio                 2.5743
Terms to instance ratio            4.1189
Runtime                            29.123389 seconds
Elapsed Runtime                    56 seconds
Genus peak memory usage            1845.66 
Innovus peak memory usage          no_value 
Hostname                           galileu.dee.ufcg.edu.br
